[karpathy.ai/index.html]
[backblue.gif]
[fade.gif]
[index.html]
[karpathy.ai/style.css]
[karpathy.ai/assets/ctwitter.svg]
[karpathy.ai/assets/me_new.jpg]
[karpathy.ai/assets/cgithub.svg]
[karpathy.ai/assets/crss.svg]
[karpathy.ai/assets/cemail.svg]
[karpathy.ai/assets/eureka.png]
[karpathy.ai/assets/openai_logo.png]
[karpathy.ai/assets/tesla_logo2.jpg]
[karpathy.ai/assets/scaledml2020.png]
[karpathy.ai/assets/multitask.png]
[karpathy.ai/assets/auto_2.38.42.png]
[karpathy.ai/assets/software20_narrow.png]
[karpathy.ai/assets/stanford_logo.png]
[karpathy.ai/assets/ubc_logo.png]
[karpathy.ai/assets/uoft_logo.png]
[karpathy.ai/assets/yc.jpg]
[karpathy.ai/assets/gpumode_talk_2024.jpg]
[karpathy.ai/assets/nopriors.jpg]
[karpathy.ai/assets/berkeley2024.jpg]
[karpathy.ai/assets/stateofgpt.jpg]
[karpathy.ai/stateofgpt.html]
[karpathy.ai/assets/lex333.jpg]
[karpathy.ai/assets/robotbrains.jpg]
[karpathy.ai/assets/aiday.jpg]
[karpathy.ai/assets/cvpr2021.png]
[karpathy.ai/assets/auto_2.38.42_narrow.png]
[karpathy.ai/assets/pytorch_devcon_2019.jpg]
[karpathy.ai/assets/software20.png]
[karpathy.ai/assets/rework.png]
[karpathy.ai/assets/deeplearningai.png]
[karpathy.ai/assets/drlbootcamp.png]
[karpathy.ai/assets/convlecture.png]
[karpathy.ai/assets/cvpr2016_talk.jpg]
[karpathy.ai/assets/rework_talk.jpg]
[karpathy.ai/assets/nvidia_gtc_2015.jpg]
[karpathy.ai/assets/youtube.jpg]
[karpathy.ai/assets/cs231n_class.jpg]
[karpathy.ai/assets/puppy.jpg]
[karpathy.ai/assets/charseq.jpg]
[karpathy.ai/assets/arxiv_sanity.jpg]
[karpathy.ai/assets/captioning.jpg]
[karpathy.ai/assets/imagenet.jpg]
[karpathy.ai/assets/convnetlogo3.png]
[karpathy.ai/assets/ulogme-small.jpg]
[karpathy.ai/assets/misc_pile.jpg]
[karpathy.ai/zero-to-hero.html]
[karpathy.ai/books.html]
[karpathy.ai/index.html]
[karpathy.ai/style.css]
[karpathy.ai/assets/ctwitter.svg]
[karpathy.ai/assets/cgithub.svg]
[karpathy.ai/assets/crss.svg]
[karpathy.ai/assets/cemail.svg]
[karpathy.ai/stateofgpt.html]
[karpathy.ai/zero-to-hero.html]
[karpathy.ai/books.html]
